
> pokedex@0.1.0 test
> jest --no-coverage

wsl : PASS app/components/__tests__/BackButton.test.tsx
At line:1 char:1
+ wsl npm test -- --no-coverage 2>&1 > test_output.txt ; cat test_outpu ...
+ ~~~~~~~~~~~~~~~~~~~~~~~~~~~~~~~~~~~~~~~~~~~~~~~~~~~~
    + CategoryInfo          : NotSpecified: (PASS app/compon...Button.test.tsx:String) [], RemoteException
    + FullyQualifiedErrorId : NativeCommandError
 
FAIL app/components/__tests__/Cards.test.tsx
  ΓùÅ LocationCard ΓÇ║ renders location region

    TestingLibraryElementError: Unable to find an element with the text: Kanto. This could be because the text is broken up by multiple elements. In this case, you can 
provide a function for your text matcher to make your matcher more flexible.

    Ignored nodes: comments, script, style
    [36m<body>[39m
      [36m<div>[39m
        [36m<a[39m
          [33mhref[39m=[32m"/locations/viridian-forest"[39m
        [36m>[39m
          [36m<div[39m
            [33mclass[39m=[32m"p-4 border border-gray-300 dark:border-gray-700 rounded-lg hover:shadow-lg hover:border-blue-500 dark:hover:border-blue-400 transition-all 
cursor-pointer bg-white dark:bg-gray-900"[39m
          [36m>[39m
            [36m<h3[39m
              [33mclass[39m=[32m"font-semibold text-lg text-gray-900 dark:text-white"[39m
            [36m>[39m
              [0mViridian Forest[0m
            [36m</h3>[39m
          [36m</div>[39m
        [36m</a>[39m
      [36m</div>[39m
    [36m</body>[39m

      39 |   it('renders location region', () => {
      40 |     render(<LocationCard name="Viridian Forest" region="Kanto" />)
    > 41 |     expect(screen.getByText('Kanto')).toBeInTheDocument()
         |                   ^
      42 |   })
      43 |
      44 |   it('renders as a link to location detail page', () => {

      at Object.getElementError (node_modules/@testing-library/dom/dist/config.js:37:19)
      at node_modules/@testing-library/dom/dist/query-helpers.js:76:38
      at node_modules/@testing-library/dom/dist/query-helpers.js:52:17
      at node_modules/@testing-library/dom/dist/query-helpers.js:95:19
      at Object.getByText (app/components/__tests__/Cards.test.tsx:41:19)

PASS app/components/__tests__/ErrorDisplay.test.tsx
PASS app/components/__tests__/SearchInput.test.tsx
PASS app/components/__tests__/TabNavigation.test.tsx
PASS app/(tabs)/locations/__tests__/page.test.tsx
  ΓùÅ Console

    console.error
      An update to LocationsListPage inside a test was not wrapped in act(...).
      
      When testing, code that causes React state updates should be wrapped into act(...):
      
      act(() => {
        /* fire events that update state */
      });
      /* assert on the output */
      
      This ensures that you're testing the behavior the user would see in the browser. Learn more at https://react.dev/link/wrap-tests-with-act

      29 |       if (!response.ok) throw new Error('Failed to fetch locations')
      30 |       const data = await response.json()
    > 31 |       setAllLocations(data.results)
         |       ^
      32 |     } catch (err) {
      33 |       setError(err instanceof Error ? err.message : 'Failed to load locations')
      34 |       setAllLocations([])

      at node_modules/react-dom/cjs/react-dom-client.development.js:18758:19
      at runWithFiberInDEV (node_modules/react-dom/cjs/react-dom-client.development.js:874:13)
      at warnIfUpdatesNotWrappedWithActDEV (node_modules/react-dom/cjs/react-dom-client.development.js:18757:9)
      at scheduleUpdateOnFiber (node_modules/react-dom/cjs/react-dom-client.development.js:16409:11)
      at dispatchSetStateInternal (node_modules/react-dom/cjs/react-dom-client.development.js:9170:13)
      at dispatchSetState (node_modules/react-dom/cjs/react-dom-client.development.js:9127:7)
      at setAllLocations (/home/julie/spring2026/4610/pokedex/app/(tabs)../../../../../locations/page.tsx:31:7)

    console.error
      An update to LocationsListPage inside a test was not wrapped in act(...).
      
      When testing, code that causes React state updates should be wrapped into act(...):
      
      act(() => {
        /* fire events that update state */
      });
      /* assert on the output */
      
      This ensures that you're testing the behavior the user would see in the browser. Learn more at https://react.dev/link/wrap-tests-with-act

      34 |       setAllLocations([])
      35 |     } finally {
    > 36 |       setLoading(false)
         |       ^
      37 |     }
      38 |   }
      39 |

      at node_modules/react-dom/cjs/react-dom-client.development.js:18758:19
      at runWithFiberInDEV (node_modules/react-dom/cjs/react-dom-client.development.js:874:13)
      at warnIfUpdatesNotWrappedWithActDEV (node_modules/react-dom/cjs/react-dom-client.development.js:18757:9)
      at scheduleUpdateOnFiber (node_modules/react-dom/cjs/react-dom-client.development.js:16409:11)
      at dispatchSetStateInternal (node_modules/react-dom/cjs/react-dom-client.development.js:9170:13)
      at dispatchSetState (node_modules/react-dom/cjs/react-dom-client.development.js:9127:7)
      at setLoading (/home/julie/spring2026/4610/pokedex/app/(tabs)../../../../../locations/page.tsx:36:7)

    console.error
      An update to LocationsListPage inside a test was not wrapped in act(...).
      
      When testing, code that causes React state updates should be wrapped into act(...):
      
      act(() => {
        /* fire events that update state */
      });
      /* assert on the output */
      
      This ensures that you're testing the behavior the user would see in the browser. Learn more at https://react.dev/link/wrap-tests-with-act

      29 |       if (!response.ok) throw new Error('Failed to fetch locations')
      30 |       const data = await response.json()
    > 31 |       setAllLocations(data.results)
         |       ^
      32 |     } catch (err) {
      33 |       setError(err instanceof Error ? err.message : 'Failed to load locations')
      34 |       setAllLocations([])

      at node_modules/react-dom/cjs/react-dom-client.development.js:18758:19
      at runWithFiberInDEV (node_modules/react-dom/cjs/react-dom-client.development.js:874:13)
      at warnIfUpdatesNotWrappedWithActDEV (node_modules/react-dom/cjs/react-dom-client.development.js:18757:9)
      at scheduleUpdateOnFiber (node_modules/react-dom/cjs/react-dom-client.development.js:16409:11)
      at dispatchSetStateInternal (node_modules/react-dom/cjs/react-dom-client.development.js:9170:13)
      at dispatchSetState (node_modules/react-dom/cjs/react-dom-client.development.js:9127:7)
      at setAllLocations (/home/julie/spring2026/4610/pokedex/app/(tabs)../../../../../locations/page.tsx:31:7)

    console.error
      An update to LocationsListPage inside a test was not wrapped in act(...).
      
      When testing, code that causes React state updates should be wrapped into act(...):
      
      act(() => {
        /* fire events that update state */
      });
      /* assert on the output */
      
      This ensures that you're testing the behavior the user would see in the browser. Learn more at https://react.dev/link/wrap-tests-with-act

      34 |       setAllLocations([])
      35 |     } finally {
    > 36 |       setLoading(false)
         |       ^
      37 |     }
      38 |   }
      39 |

      at node_modules/react-dom/cjs/react-dom-client.development.js:18758:19
      at runWithFiberInDEV (node_modules/react-dom/cjs/react-dom-client.development.js:874:13)
      at warnIfUpdatesNotWrappedWithActDEV (node_modules/react-dom/cjs/react-dom-client.development.js:18757:9)
      at scheduleUpdateOnFiber (node_modules/react-dom/cjs/react-dom-client.development.js:16409:11)
      at dispatchSetStateInternal (node_modules/react-dom/cjs/react-dom-client.development.js:9170:13)
      at dispatchSetState (node_modules/react-dom/cjs/react-dom-client.development.js:9127:7)
      at setLoading (/home/julie/spring2026/4610/pokedex/app/(tabs)../../../../../locations/page.tsx:36:7)

    console.error
      An update to LocationsListPage inside a test was not wrapped in act(...).
      
      When testing, code that causes React state updates should be wrapped into act(...):
      
      act(() => {
        /* fire events that update state */
      });
      /* assert on the output */
      
      This ensures that you're testing the behavior the user would see in the browser. Learn more at https://react.dev/link/wrap-tests-with-act

      29 |       if (!response.ok) throw new Error('Failed to fetch locations')
      30 |       const data = await response.json()
    > 31 |       setAllLocations(data.results)
         |       ^
      32 |     } catch (err) {
      33 |       setError(err instanceof Error ? err.message : 'Failed to load locations')
      34 |       setAllLocations([])

      at node_modules/react-dom/cjs/react-dom-client.development.js:18758:19
      at runWithFiberInDEV (node_modules/react-dom/cjs/react-dom-client.development.js:874:13)
      at warnIfUpdatesNotWrappedWithActDEV (node_modules/react-dom/cjs/react-dom-client.development.js:18757:9)
      at scheduleUpdateOnFiber (node_modules/react-dom/cjs/react-dom-client.development.js:16409:11)
      at dispatchSetStateInternal (node_modules/react-dom/cjs/react-dom-client.development.js:9170:13)
      at dispatchSetState (node_modules/react-dom/cjs/react-dom-client.development.js:9127:7)
      at setAllLocations (/home/julie/spring2026/4610/pokedex/app/(tabs)../../../../../locations/page.tsx:31:7)

    console.error
      An update to LocationsListPage inside a test was not wrapped in act(...).
      
      When testing, code that causes React state updates should be wrapped into act(...):
      
      act(() => {
        /* fire events that update state */
      });
      /* assert on the output */
      
      This ensures that you're testing the behavior the user would see in the browser. Learn more at https://react.dev/link/wrap-tests-with-act

      34 |       setAllLocations([])
      35 |     } finally {
    > 36 |       setLoading(false)
         |       ^
      37 |     }
      38 |   }
      39 |

      at node_modules/react-dom/cjs/react-dom-client.development.js:18758:19
      at runWithFiberInDEV (node_modules/react-dom/cjs/react-dom-client.development.js:874:13)
      at warnIfUpdatesNotWrappedWithActDEV (node_modules/react-dom/cjs/react-dom-client.development.js:18757:9)
      at scheduleUpdateOnFiber (node_modules/react-dom/cjs/react-dom-client.development.js:16409:11)
      at dispatchSetStateInternal (node_modules/react-dom/cjs/react-dom-client.development.js:9170:13)
      at dispatchSetState (node_modules/react-dom/cjs/react-dom-client.development.js:9127:7)
      at setLoading (/home/julie/spring2026/4610/pokedex/app/(tabs)../../../../../locations/page.tsx:36:7)

    console.error
      An update to LocationsListPage inside a test was not wrapped in act(...).
      
      When testing, code that causes React state updates should be wrapped into act(...):
      
      act(() => {
        /* fire events that update state */
      });
      /* assert on the output */
      
      This ensures that you're testing the behavior the user would see in the browser. Learn more at https://react.dev/link/wrap-tests-with-act

      29 |       if (!response.ok) throw new Error('Failed to fetch locations')
      30 |       const data = await response.json()
    > 31 |       setAllLocations(data.results)
         |       ^
      32 |     } catch (err) {
      33 |       setError(err instanceof Error ? err.message : 'Failed to load locations')
      34 |       setAllLocations([])

      at node_modules/react-dom/cjs/react-dom-client.development.js:18758:19
      at runWithFiberInDEV (node_modules/react-dom/cjs/react-dom-client.development.js:874:13)
      at warnIfUpdatesNotWrappedWithActDEV (node_modules/react-dom/cjs/react-dom-client.development.js:18757:9)
      at scheduleUpdateOnFiber (node_modules/react-dom/cjs/react-dom-client.development.js:16409:11)
      at dispatchSetStateInternal (node_modules/react-dom/cjs/react-dom-client.development.js:9170:13)
      at dispatchSetState (node_modules/react-dom/cjs/react-dom-client.development.js:9127:7)
      at setAllLocations (/home/julie/spring2026/4610/pokedex/app/(tabs)../../../../../locations/page.tsx:31:7)

    console.error
      An update to LocationsListPage inside a test was not wrapped in act(...).
      
      When testing, code that causes React state updates should be wrapped into act(...):
      
      act(() => {
        /* fire events that update state */
      });
      /* assert on the output */
      
      This ensures that you're testing the behavior the user would see in the browser. Learn more at https://react.dev/link/wrap-tests-with-act

      34 |       setAllLocations([])
      35 |     } finally {
    > 36 |       setLoading(false)
         |       ^
      37 |     }
      38 |   }
      39 |

      at node_modules/react-dom/cjs/react-dom-client.development.js:18758:19
      at runWithFiberInDEV (node_modules/react-dom/cjs/react-dom-client.development.js:874:13)
      at warnIfUpdatesNotWrappedWithActDEV (node_modules/react-dom/cjs/react-dom-client.development.js:18757:9)
      at scheduleUpdateOnFiber (node_modules/react-dom/cjs/react-dom-client.development.js:16409:11)
      at dispatchSetStateInternal (node_modules/react-dom/cjs/react-dom-client.development.js:9170:13)
      at dispatchSetState (node_modules/react-dom/cjs/react-dom-client.development.js:9127:7)
      at setLoading (/home/julie/spring2026/4610/pokedex/app/(tabs)../../../../../locations/page.tsx:36:7)

    console.error
      An update to LocationsListPage inside a test was not wrapped in act(...).
      
      When testing, code that causes React state updates should be wrapped into act(...):
      
      act(() => {
        /* fire events that update state */
      });
      /* assert on the output */
      
      This ensures that you're testing the behavior the user would see in the browser. Learn more at https://react.dev/link/wrap-tests-with-act

      29 |       if (!response.ok) throw new Error('Failed to fetch locations')
      30 |       const data = await response.json()
    > 31 |       setAllLocations(data.results)
         |       ^
      32 |     } catch (err) {
      33 |       setError(err instanceof Error ? err.message : 'Failed to load locations')
      34 |       setAllLocations([])

      at node_modules/react-dom/cjs/react-dom-client.development.js:18758:19
      at runWithFiberInDEV (node_modules/react-dom/cjs/react-dom-client.development.js:874:13)
      at warnIfUpdatesNotWrappedWithActDEV (node_modules/react-dom/cjs/react-dom-client.development.js:18757:9)
      at scheduleUpdateOnFiber (node_modules/react-dom/cjs/react-dom-client.development.js:16409:11)
      at dispatchSetStateInternal (node_modules/react-dom/cjs/react-dom-client.development.js:9170:13)
      at dispatchSetState (node_modules/react-dom/cjs/react-dom-client.development.js:9127:7)
      at setAllLocations (/home/julie/spring2026/4610/pokedex/app/(tabs)../../../../../locations/page.tsx:31:7)

    console.error
      An update to LocationsListPage inside a test was not wrapped in act(...).
      
      When testing, code that causes React state updates should be wrapped into act(...):
      
      act(() => {
        /* fire events that update state */
      });
      /* assert on the output */
      
      This ensures that you're testing the behavior the user would see in the browser. Learn more at https://react.dev/link/wrap-tests-with-act

      34 |       setAllLocations([])
      35 |     } finally {
    > 36 |       setLoading(false)
         |       ^
      37 |     }
      38 |   }
      39 |

      at node_modules/react-dom/cjs/react-dom-client.development.js:18758:19
      at runWithFiberInDEV (node_modules/react-dom/cjs/react-dom-client.development.js:874:13)
      at warnIfUpdatesNotWrappedWithActDEV (node_modules/react-dom/cjs/react-dom-client.development.js:18757:9)
      at scheduleUpdateOnFiber (node_modules/react-dom/cjs/react-dom-client.development.js:16409:11)
      at dispatchSetStateInternal (node_modules/react-dom/cjs/react-dom-client.development.js:9170:13)
      at dispatchSetState (node_modules/react-dom/cjs/react-dom-client.development.js:9127:7)
      at setLoading (/home/julie/spring2026/4610/pokedex/app/(tabs)../../../../../locations/page.tsx:36:7)

PASS app/(tabs)/pokemon/__tests__/page.test.tsx
  ΓùÅ Console

    console.error
      An update to PokemonListPage inside a test was not wrapped in act(...).
      
      When testing, code that causes React state updates should be wrapped into act(...):
      
      act(() => {
        /* fire events that update state */
      });
      /* assert on the output */
      
      This ensures that you're testing the behavior the user would see in the browser. Learn more at https://react.dev/link/wrap-tests-with-act

      29 |       if (!response.ok) throw new Error('Failed to fetch Pokemon')
      30 |       const data = await response.json()
    > 31 |       setAllPokemon(data.results)
         |       ^
      32 |     } catch (err) {
      33 |       setError(err instanceof Error ? err.message : 'Failed to load Pokemon')
      34 |       setAllPokemon([])

      at node_modules/react-dom/cjs/react-dom-client.development.js:18758:19
      at runWithFiberInDEV (node_modules/react-dom/cjs/react-dom-client.development.js:874:13)
      at warnIfUpdatesNotWrappedWithActDEV (node_modules/react-dom/cjs/react-dom-client.development.js:18757:9)
      at scheduleUpdateOnFiber (node_modules/react-dom/cjs/react-dom-client.development.js:16409:11)
      at dispatchSetStateInternal (node_modules/react-dom/cjs/react-dom-client.development.js:9170:13)
      at dispatchSetState (node_modules/react-dom/cjs/react-dom-client.development.js:9127:7)
      at setAllPokemon (/home/julie/spring2026/4610/pokedex/app/(tabs)../../../../../pokemon/page.tsx:31:7)

    console.error
      An update to PokemonListPage inside a test was not wrapped in act(...).
      
      When testing, code that causes React state updates should be wrapped into act(...):
      
      act(() => {
        /* fire events that update state */
      });
      /* assert on the output */
      
      This ensures that you're testing the behavior the user would see in the browser. Learn more at https://react.dev/link/wrap-tests-with-act

      34 |       setAllPokemon([])
      35 |     } finally {
    > 36 |       setLoading(false)
         |       ^
      37 |     }
      38 |   }
      39 |

      at node_modules/react-dom/cjs/react-dom-client.development.js:18758:19
      at runWithFiberInDEV (node_modules/react-dom/cjs/react-dom-client.development.js:874:13)
      at warnIfUpdatesNotWrappedWithActDEV (node_modules/react-dom/cjs/react-dom-client.development.js:18757:9)
      at scheduleUpdateOnFiber (node_modules/react-dom/cjs/react-dom-client.development.js:16409:11)
      at dispatchSetStateInternal (node_modules/react-dom/cjs/react-dom-client.development.js:9170:13)
      at dispatchSetState (node_modules/react-dom/cjs/react-dom-client.development.js:9127:7)
      at setLoading (/home/julie/spring2026/4610/pokedex/app/(tabs)../../../../../pokemon/page.tsx:36:7)

    console.error
      An update to PokemonListPage inside a test was not wrapped in act(...).
      
      When testing, code that causes React state updates should be wrapped into act(...):
      
      act(() => {
        /* fire events that update state */
      });
      /* assert on the output */
      
      This ensures that you're testing the behavior the user would see in the browser. Learn more at https://react.dev/link/wrap-tests-with-act

      29 |       if (!response.ok) throw new Error('Failed to fetch Pokemon')
      30 |       const data = await response.json()
    > 31 |       setAllPokemon(data.results)
         |       ^
      32 |     } catch (err) {
      33 |       setError(err instanceof Error ? err.message : 'Failed to load Pokemon')
      34 |       setAllPokemon([])

      at node_modules/react-dom/cjs/react-dom-client.development.js:18758:19
      at runWithFiberInDEV (node_modules/react-dom/cjs/react-dom-client.development.js:874:13)
      at warnIfUpdatesNotWrappedWithActDEV (node_modules/react-dom/cjs/react-dom-client.development.js:18757:9)
      at scheduleUpdateOnFiber (node_modules/react-dom/cjs/react-dom-client.development.js:16409:11)
      at dispatchSetStateInternal (node_modules/react-dom/cjs/react-dom-client.development.js:9170:13)
      at dispatchSetState (node_modules/react-dom/cjs/react-dom-client.development.js:9127:7)
      at setAllPokemon (/home/julie/spring2026/4610/pokedex/app/(tabs)../../../../../pokemon/page.tsx:31:7)

    console.error
      An update to PokemonListPage inside a test was not wrapped in act(...).
      
      When testing, code that causes React state updates should be wrapped into act(...):
      
      act(() => {
        /* fire events that update state */
      });
      /* assert on the output */
      
      This ensures that you're testing the behavior the user would see in the browser. Learn more at https://react.dev/link/wrap-tests-with-act

      34 |       setAllPokemon([])
      35 |     } finally {
    > 36 |       setLoading(false)
         |       ^
      37 |     }
      38 |   }
      39 |

      at node_modules/react-dom/cjs/react-dom-client.development.js:18758:19
      at runWithFiberInDEV (node_modules/react-dom/cjs/react-dom-client.development.js:874:13)
      at warnIfUpdatesNotWrappedWithActDEV (node_modules/react-dom/cjs/react-dom-client.development.js:18757:9)
      at scheduleUpdateOnFiber (node_modules/react-dom/cjs/react-dom-client.development.js:16409:11)
      at dispatchSetStateInternal (node_modules/react-dom/cjs/react-dom-client.development.js:9170:13)
      at dispatchSetState (node_modules/react-dom/cjs/react-dom-client.development.js:9127:7)
      at setLoading (/home/julie/spring2026/4610/pokedex/app/(tabs)../../../../../pokemon/page.tsx:36:7)

    console.error
      An update to PokemonListPage inside a test was not wrapped in act(...).
      
      When testing, code that causes React state updates should be wrapped into act(...):
      
      act(() => {
        /* fire events that update state */
      });
      /* assert on the output */
      
      This ensures that you're testing the behavior the user would see in the browser. Learn more at https://react.dev/link/wrap-tests-with-act

      29 |       if (!response.ok) throw new Error('Failed to fetch Pokemon')
      30 |       const data = await response.json()
    > 31 |       setAllPokemon(data.results)
         |       ^
      32 |     } catch (err) {
      33 |       setError(err instanceof Error ? err.message : 'Failed to load Pokemon')
      34 |       setAllPokemon([])

      at node_modules/react-dom/cjs/react-dom-client.development.js:18758:19
      at runWithFiberInDEV (node_modules/react-dom/cjs/react-dom-client.development.js:874:13)
      at warnIfUpdatesNotWrappedWithActDEV (node_modules/react-dom/cjs/react-dom-client.development.js:18757:9)
      at scheduleUpdateOnFiber (node_modules/react-dom/cjs/react-dom-client.development.js:16409:11)
      at dispatchSetStateInternal (node_modules/react-dom/cjs/react-dom-client.development.js:9170:13)
      at dispatchSetState (node_modules/react-dom/cjs/react-dom-client.development.js:9127:7)
      at setAllPokemon (/home/julie/spring2026/4610/pokedex/app/(tabs)../../../../../pokemon/page.tsx:31:7)

    console.error
      An update to PokemonListPage inside a test was not wrapped in act(...).
      
      When testing, code that causes React state updates should be wrapped into act(...):
      
      act(() => {
        /* fire events that update state */
      });
      /* assert on the output */
      
      This ensures that you're testing the behavior the user would see in the browser. Learn more at https://react.dev/link/wrap-tests-with-act

      34 |       setAllPokemon([])
      35 |     } finally {
    > 36 |       setLoading(false)
         |       ^
      37 |     }
      38 |   }
      39 |

      at node_modules/react-dom/cjs/react-dom-client.development.js:18758:19
      at runWithFiberInDEV (node_modules/react-dom/cjs/react-dom-client.development.js:874:13)
      at warnIfUpdatesNotWrappedWithActDEV (node_modules/react-dom/cjs/react-dom-client.development.js:18757:9)
      at scheduleUpdateOnFiber (node_modules/react-dom/cjs/react-dom-client.development.js:16409:11)
      at dispatchSetStateInternal (node_modules/react-dom/cjs/react-dom-client.development.js:9170:13)
      at dispatchSetState (node_modules/react-dom/cjs/react-dom-client.development.js:9127:7)
      at setLoading (/home/julie/spring2026/4610/pokedex/app/(tabs)../../../../../pokemon/page.tsx:36:7)

    console.error
      An update to PokemonListPage inside a test was not wrapped in act(...).
      
      When testing, code that causes React state updates should be wrapped into act(...):
      
      act(() => {
        /* fire events that update state */
      });
      /* assert on the output */
      
      This ensures that you're testing the behavior the user would see in the browser. Learn more at https://react.dev/link/wrap-tests-with-act

      29 |       if (!response.ok) throw new Error('Failed to fetch Pokemon')
      30 |       const data = await response.json()
    > 31 |       setAllPokemon(data.results)
         |       ^
      32 |     } catch (err) {
      33 |       setError(err instanceof Error ? err.message : 'Failed to load Pokemon')
      34 |       setAllPokemon([])

      at node_modules/react-dom/cjs/react-dom-client.development.js:18758:19
      at runWithFiberInDEV (node_modules/react-dom/cjs/react-dom-client.development.js:874:13)
      at warnIfUpdatesNotWrappedWithActDEV (node_modules/react-dom/cjs/react-dom-client.development.js:18757:9)
      at scheduleUpdateOnFiber (node_modules/react-dom/cjs/react-dom-client.development.js:16409:11)
      at dispatchSetStateInternal (node_modules/react-dom/cjs/react-dom-client.development.js:9170:13)
      at dispatchSetState (node_modules/react-dom/cjs/react-dom-client.development.js:9127:7)
      at setAllPokemon (/home/julie/spring2026/4610/pokedex/app/(tabs)../../../../../pokemon/page.tsx:31:7)

    console.error
      An update to PokemonListPage inside a test was not wrapped in act(...).
      
      When testing, code that causes React state updates should be wrapped into act(...):
      
      act(() => {
        /* fire events that update state */
      });
      /* assert on the output */
      
      This ensures that you're testing the behavior the user would see in the browser. Learn more at https://react.dev/link/wrap-tests-with-act

      34 |       setAllPokemon([])
      35 |     } finally {
    > 36 |       setLoading(false)
         |       ^
      37 |     }
      38 |   }
      39 |

      at node_modules/react-dom/cjs/react-dom-client.development.js:18758:19
      at runWithFiberInDEV (node_modules/react-dom/cjs/react-dom-client.development.js:874:13)
      at warnIfUpdatesNotWrappedWithActDEV (node_modules/react-dom/cjs/react-dom-client.development.js:18757:9)
      at scheduleUpdateOnFiber (node_modules/react-dom/cjs/react-dom-client.development.js:16409:11)
      at dispatchSetStateInternal (node_modules/react-dom/cjs/react-dom-client.development.js:9170:13)
      at dispatchSetState (node_modules/react-dom/cjs/react-dom-client.development.js:9127:7)
      at setLoading (/home/julie/spring2026/4610/pokedex/app/(tabs)../../../../../pokemon/page.tsx:36:7)

    console.error
      An update to PokemonListPage inside a test was not wrapped in act(...).
      
      When testing, code that causes React state updates should be wrapped into act(...):
      
      act(() => {
        /* fire events that update state */
      });
      /* assert on the output */
      
      This ensures that you're testing the behavior the user would see in the browser. Learn more at https://react.dev/link/wrap-tests-with-act

      29 |       if (!response.ok) throw new Error('Failed to fetch Pokemon')
      30 |       const data = await response.json()
    > 31 |       setAllPokemon(data.results)
         |       ^
      32 |     } catch (err) {
      33 |       setError(err instanceof Error ? err.message : 'Failed to load Pokemon')
      34 |       setAllPokemon([])

      at node_modules/react-dom/cjs/react-dom-client.development.js:18758:19
      at runWithFiberInDEV (node_modules/react-dom/cjs/react-dom-client.development.js:874:13)
      at warnIfUpdatesNotWrappedWithActDEV (node_modules/react-dom/cjs/react-dom-client.development.js:18757:9)
      at scheduleUpdateOnFiber (node_modules/react-dom/cjs/react-dom-client.development.js:16409:11)
      at dispatchSetStateInternal (node_modules/react-dom/cjs/react-dom-client.development.js:9170:13)
      at dispatchSetState (node_modules/react-dom/cjs/react-dom-client.development.js:9127:7)
      at setAllPokemon (/home/julie/spring2026/4610/pokedex/app/(tabs)../../../../../pokemon/page.tsx:31:7)

    console.error
      An update to PokemonListPage inside a test was not wrapped in act(...).
      
      When testing, code that causes React state updates should be wrapped into act(...):
      
      act(() => {
        /* fire events that update state */
      });
      /* assert on the output */
      
      This ensures that you're testing the behavior the user would see in the browser. Learn more at https://react.dev/link/wrap-tests-with-act

      34 |       setAllPokemon([])
      35 |     } finally {
    > 36 |       setLoading(false)
         |       ^
      37 |     }
      38 |   }
      39 |

      at node_modules/react-dom/cjs/react-dom-client.development.js:18758:19
      at runWithFiberInDEV (node_modules/react-dom/cjs/react-dom-client.development.js:874:13)
      at warnIfUpdatesNotWrappedWithActDEV (node_modules/react-dom/cjs/react-dom-client.development.js:18757:9)
      at scheduleUpdateOnFiber (node_modules/react-dom/cjs/react-dom-client.development.js:16409:11)
      at dispatchSetStateInternal (node_modules/react-dom/cjs/react-dom-client.development.js:9170:13)
      at dispatchSetState (node_modules/react-dom/cjs/react-dom-client.development.js:9127:7)
      at setLoading (/home/julie/spring2026/4610/pokedex/app/(tabs)../../../../../pokemon/page.tsx:36:7)


Test Suites: 1 failed, 6 passed, 7 total
Tests:       1 failed, 51 passed, 52 total
Snapshots:   0 total
Time:        3.839 s
Ran all test suites.
